
j
Agent$9055c4ee-655d-11ed-9d1d-5671f551701b4355056874564592516"ä­Ñ›Àü‚ª*ERROR2Nginx:
AppProtect±
app_protect_default_policy4355056874564592516REJECTED"SECURITY_WAF_VIOLATION*N/A2GET:HTTPBN/AJ/R^GET /?a=<script> HTTP/1.1\r\nHost: 127.0.0.1\r\nUser-Agent: curl/7.64.1\r\nAccept: */*\r\n\r\nbblockedjBlockedz1-localhost:1-/‚	127.0.0.1Š61478’80šŽHTTP protocol compliance failed,Illegal meta character in value,Attack signature detected,Violation Rating Threat detected,Bot Client Detected¢qHTTP protocol compliance failed:Host header contains IP address,HTTP protocol compliance failed:Evasion techniqueª5²u{Cross Site Scripting Signatures;High Accuracy Signatures},{Cross Site Scripting Signatures;High Accuracy Signatures}º,ÂUntrusted BotÊN/AÒN/AÚcriticalâcampaign1,campaign2êN/AòHTTP LibraryúN/A‚curlŠ	parameter’6
VIOL_JSON_MALFORMED	parameter
json{ "a": "ÖÖ"}