°app_protect_default_policy4355056874564592519"REJECTED*SECURITY_WAF_VIOLATION:GETBHTTPR/Z^GET /?a=<script> HTTP/1.1\r\nHost: 127.0.0.1\r\nUser-Agent: curl/7.64.1\r\nAccept: */*\r\n\r\njblockedr0Šunit-hostnameš1-localhost:1-/¢	127.0.0.1ª61478²80ºŽHTTP protocol compliance failed,Illegal meta character in value,Attack signature detected,Violation Rating Threat detected,Bot Client DetectedòUntrusted BotŠCriticalÂcurlÒ
VIOL_ASM_COOKIE_MODIFIEDÒ
VIOL_ASM_COOKIE_MODIFIEDÒ
VIOL_ASM_COOKIE_MODIFIEDÒ
VIOL_ASM_COOKIE_MODIFIED