†app_protect_default_policy4355056874564592516"REJECTED*SECURITY_WAF_VIOLATION:GETBHTTPR/ZcGET /?a=<script> HTTP/1.1\r\nHost: 10.146.179.119\r\nUser-Agent: curl/7.64.1\r\nAccept: */*\r\n\r\njblockedr0Štestenv-ad595bed-data-1š1-localhost:1-/¢172.18.9.78ª61478²80ºŽHTTP protocol compliance failed,Illegal meta character in value,Attack signature detected,Violation Rating Threat detected,Bot Client DetectedòUntrusted BotŠCriticalÂcurlÒ6
VIOL_JSON_MALFORMED	parameter
json{ "a": "ÖÖ"}